[2026-08-03] INFO  Started context gathering for https://www.staycoldapparel.com
[2026-08-03] INFO  Existing context/business.md found — NOT overwritten
[2026-08-03] INFO  Fetched homepage — DETECTED_LANGUAGE: en
[2026-08-03] INFO  Discovered 20+ internal navigation links from homepage + a11y snapshot
[2026-08-03] INFO  Fetched /pages/about-us
[2026-08-03] INFO  Fetched /pages/faq
[2026-08-03] INFO  Fetched /pages/contact
[2026-08-03] INFO  Fetched /collections/new-drops
[2026-08-03] INFO  Fetched /collections/hoodies
[2026-08-03] INFO  Fetched /collections/t-shirts
[2026-08-03] INFO  Fetched /products/stay-cold-apparel-oversized-t-shirt-ravenous-black-petrol
[2026-08-03] WARN  /pages/what-customers-say returned 404 — correct path is /pages/reviews (from footer link)
[2026-08-03] INFO  Fetched /collections/shadow-division
[2026-08-03] INFO  Fetched /collections/reign-of-blood-ultimate-drop
[2026-08-03] INFO  Fetched /collections/accessories
[2026-08-03] INFO  Fetched /collections/jackets
[2026-08-03] INFO  Fetched /collections/burpi_brepzy-x-stay-cold-collab
[2026-08-03] INFO  Fetched /policies/refund-policy
[2026-08-03] INFO  Fetched /collections/shorts
[2026-08-03] INFO  Fetched /collections/pants
[2026-08-03] INFO  Fetched /collections/limited-restock
[2026-08-03] INFO  Fetched /blogs/news
[2026-08-03] INFO  Fetched /policies/legal-notice
[2026-08-03] WARN  /pages/reviews returned cart/promo markup only — REVIEWS.io widget is client-side rendered, review verbatims not captured. Rating + count recovered from live DOM instead.
[2026-08-03] INFO  Chrome DevTools: navigated to homepage
[2026-08-03] INFO  Chrome DevTools: cookie consent banner detected in screenshot, dismissed via "Accept All"
[2026-08-03] INFO  Chrome DevTools: colour extraction script executed — 5 colours + 2 font roles returned
[2026-08-03] WARN  Script reported header background-color as transparent — black actually set on inner div.header__wrapper
[2026-08-03] INFO  Chrome DevTools: targeted extraction run on header, announcement bar, footer, and 5 named CTAs to correct role assignment
[2026-08-03] INFO  Chrome DevTools: elementFromPoint sampling confirmed #000000 chrome / #ffffff canvas
[2026-08-03] WARN  Chrome DevTools: full-page screenshot at footer scroll position timed out (Page.captureScreenshot protocolTimeout) — footer bg confirmed via computed style instead
[2026-08-03] INFO  Visual verification complete: primary #000000, accent #e52321, accent2 #f2a900, bg #ffffff
[2026-08-03] INFO  Deviation from spec: pure black and pure white retained in palette (standard filter would drop both, but they ARE the brand system)
[2026-08-03] INFO  Generated context/brand.md
[2026-08-03] INFO  Generated context/brand-colours/palette.md
[2026-08-03] INFO  Generated 20 page files in context/website/pages/ (19 full + 1 partial: reviews.md)
[2026-08-03] WARN  context/business.md is configured for a lead-gen business (Form Submit / Phone Call conversions, USD targets, $150/lead) — mismatch with EUR ecommerce brand. Flagged to user, not modified.
[2026-08-03] WARN  context/account-changelog.md missing — /account-changelog not yet run for this client
[2026-08-03] INFO  Complete. 19 pages analyzed. Files written to context/
